DRAWING A CIRCLE AT:(15,25), RADIUS 8
DRAWING A RECTANGLE AT:(10,20), WIDTH 5, HEIGHT 6
DRAWING A CIRCLE AT:(115,125), RADIUS 8
DRAWING A RECTANGLE AT:(110,120), WIDTH 5, HEIGHT 6
DRAWING A RECTANGLE AT:(0,0), WIDTH 30, HEIGHT 15
